\BOOKMARK [0][-]{chapter*.1}{\376\377\000H\000o\000w\000\040\000t\000o\000\040\000U\000s\000e\000\040\000T\000h\000i\000s\000\040\000H\000a\000n\000d\000b\000o\000o\000k}{}% 1
\BOOKMARK [0][-]{chapter.1}{\376\377\000F\000o\000u\000n\000d\000a\000t\000i\000o\000n\000s\000\040\000f\000o\000r\000\040\000A\000b\000s\000o\000l\000u\000t\000e\000\040\000B\000e\000g\000i\000n\000n\000e\000r\000s}{}% 2
\BOOKMARK [1][-]{section.1.1}{\376\377\000P\000y\000t\000h\000o\000n\000\040\000f\000r\000o\000m\000\040\000S\000c\000r\000a\000t\000c\000h\000\040\000f\000o\000r\000\040\000C\000o\000m\000p\000u\000t\000e\000r\000\040\000V\000i\000s\000i\000o\000n}{chapter.1}% 3
\BOOKMARK [2][-]{subsection.1.1.1}{\376\377\000W\000h\000a\000t\000\040\000i\000s\000\040\000a\000n\000\040\000i\000n\000t\000e\000r\000p\000r\000e\000t\000e\000r\000,\000\040\000a\000n\000d\000\040\000h\000o\000w\000\040\000d\000o\000e\000s\000\040\000P\000y\000t\000h\000o\000n\000\040\000r\000u\000n\000\040\000a\000\040\000f\000i\000l\000e\000?}{section.1.1}% 4
\BOOKMARK [2][-]{subsection.1.1.2}{\376\377\000V\000a\000r\000i\000a\000b\000l\000e\000s\000\040\000a\000n\000d\000\040\000d\000y\000n\000a\000m\000i\000c\000\040\000t\000y\000p\000i\000n\000g}{section.1.1}% 5
\BOOKMARK [2][-]{subsection.1.1.3}{\376\377\000L\000i\000s\000t\000s\000,\000\040\000t\000u\000p\000l\000e\000s\000\040\000a\000n\000d\000\040\000d\000i\000c\000t\000i\000o\000n\000a\000r\000i\000e\000s}{section.1.1}% 6
\BOOKMARK [2][-]{subsection.1.1.4}{\376\377\000F\000u\000n\000c\000t\000i\000o\000n\000s\000,\000\040\000a\000r\000g\000u\000m\000e\000n\000t\000s\000,\000\040\000r\000e\000t\000u\000r\000n\000\040\000v\000a\000l\000u\000e\000s\000\040\000a\000n\000d\000\040\000t\000y\000p\000e\000\040\000h\000i\000n\000t\000s}{section.1.1}% 7
\BOOKMARK [2][-]{subsection.1.1.5}{\376\377\000O\000b\000j\000e\000c\000t\000-\000o\000r\000i\000e\000n\000t\000e\000d\000\040\000p\000r\000o\000g\000r\000a\000m\000m\000i\000n\000g\000,\000\040\000s\000i\000m\000p\000l\000i\000f\000i\000e\000d}{section.1.1}% 8
\BOOKMARK [2][-]{subsection.1.1.6}{\376\377\000F\000i\000v\000e\000\040\000s\000p\000e\000c\000i\000a\000l\000\040\000c\000o\000n\000s\000t\000r\000u\000c\000t\000s\000\040\000u\000s\000e\000d\000\040\000i\000n\000\040\000t\000h\000i\000s\000\040\000p\000r\000o\000j\000e\000c\000t}{section.1.1}% 9
\BOOKMARK [1][-]{section.1.2}{\376\377\000H\000o\000w\000\040\000D\000i\000g\000i\000t\000a\000l\000\040\000I\000m\000a\000g\000e\000s\000\040\000W\000o\000r\000k}{chapter.1}% 10
\BOOKMARK [2][-]{subsection.1.2.1}{\376\377\000P\000i\000x\000e\000l\000s\000,\000\040\000r\000e\000s\000o\000l\000u\000t\000i\000o\000n\000\040\000a\000n\000d\000\040\000c\000h\000a\000n\000n\000e\000l\000s}{section.1.2}% 11
\BOOKMARK [2][-]{subsection.1.2.2}{\376\377\000W\000h\000y\000\040\000O\000p\000e\000n\000C\000V\000\040\000t\000h\000i\000n\000k\000s\000\040\000i\000n\000\040\000B\000G\000R}{section.1.2}% 12
\BOOKMARK [2][-]{subsection.1.2.3}{\376\377\000A\000\040\000f\000r\000a\000m\000e\000\040\000i\000s\000\040\000a\000\040\000t\000h\000r\000e\000e\000-\000d\000i\000m\000e\000n\000s\000i\000o\000n\000a\000l\000\040\000a\000r\000r\000a\000y}{section.1.2}% 13
\BOOKMARK [1][-]{section.1.3}{\376\377\000M\000a\000c\000h\000i\000n\000e\000\040\000L\000e\000a\000r\000n\000i\000n\000g\000\040\000D\000e\000m\000y\000s\000t\000i\000f\000i\000e\000d}{chapter.1}% 14
\BOOKMARK [2][-]{subsection.1.3.1}{\376\377\000R\000u\000l\000e\000s\000\040\000p\000l\000u\000s\000\040\000d\000a\000t\000a\000,\000\040\000v\000e\000r\000s\000u\000s\000\040\000d\000a\000t\000a\000\040\000p\000l\000u\000s\000\040\000a\000n\000s\000w\000e\000r\000s}{section.1.3}% 15
\BOOKMARK [2][-]{subsection.1.3.2}{\376\377\000W\000h\000a\000t\000\040\000a\000\040\000n\000e\000u\000r\000a\000l\000\040\000n\000e\000t\000w\000o\000r\000k\000\040\000a\000c\000t\000u\000a\000l\000l\000y\000\040\000i\000s}{section.1.3}% 16
\BOOKMARK [2][-]{subsection.1.3.3}{\376\377\000T\000r\000a\000i\000n\000i\000n\000g\000\040\000v\000e\000r\000s\000u\000s\000\040\000i\000n\000f\000e\000r\000e\000n\000c\000e}{section.1.3}% 17
\BOOKMARK [2][-]{subsection.1.3.4}{\376\377\000N\000o\000r\000m\000a\000l\000i\000z\000e\000d\000\040\000c\000o\000o\000r\000d\000i\000n\000a\000t\000e\000s\000,\000\040\000a\000n\000d\000\040\000t\000h\000e\000\040\000c\000o\000n\000v\000e\000r\000s\000i\000o\000n\000\040\000t\000o\000\040\000p\000i\000x\000e\000l\000s}{section.1.3}% 18
\BOOKMARK [0][-]{chapter.2}{\376\377\000T\000h\000e\000\040\000U\000n\000d\000e\000r\000-\000t\000h\000e\000-\000H\000o\000o\000d\000\040\000M\000L\000\040\000E\000n\000g\000i\000n\000e}{}% 19
\BOOKMARK [1][-]{section.2.1}{\376\377\000T\000h\000e\000\040\000t\000w\000o\000-\000s\000t\000a\000g\000e\000\040\000p\000i\000p\000e\000l\000i\000n\000e}{chapter.2}% 20
\BOOKMARK [1][-]{section.2.2}{\376\377\000W\000h\000a\000t\000\040\000t\000h\000e\000\040\000m\000o\000d\000e\000l\000\040\000r\000e\000p\000o\000r\000t\000s\000:\000\040\000t\000h\000e\000\040\0002\0001\000\040\000l\000a\000n\000d\000m\000a\000r\000k\000s}{chapter.2}% 21
\BOOKMARK [2][-]{subsection.2.2.1}{\376\377\000T\000h\000e\000\040\000l\000a\000n\000d\000m\000a\000r\000k\000\040\000t\000a\000b\000l\000e}{section.2.2}% 22
\BOOKMARK [2][-]{subsection.2.2.2}{\376\377\000W\000h\000y\000\040\0002\0001\000\040\000p\000o\000i\000n\000t\000s\000,\000\040\000a\000n\000d\000\040\000n\000o\000t\000\040\000a\000\040\000b\000o\000u\000n\000d\000i\000n\000g\000\040\000b\000o\000x\000\040\000o\000r\000\040\000a\000\040\000m\000a\000s\000k}{section.2.2}% 23
\BOOKMARK [1][-]{section.2.3}{\376\377\000T\000h\000e\000\040\000d\000e\000p\000e\000n\000d\000e\000n\000c\000y\000\040\000m\000a\000t\000r\000i\000x\000,\000\040\000a\000n\000d\000\040\000t\000h\000r\000e\000e\000\040\000p\000a\000c\000k\000a\000g\000e\000\040\000t\000r\000a\000p\000s}{chapter.2}% 24
\BOOKMARK [2][-]{subsection.2.3.1}{\376\377\000S\000u\000p\000p\000r\000e\000s\000s\000i\000n\000g\000\040\000t\000h\000e\000\040\000d\000e\000p\000r\000e\000c\000a\000t\000i\000o\000n\000\040\000n\000o\000i\000s\000e}{section.2.3}% 25
\BOOKMARK [1][-]{section.2.4}{\376\377\000C\000o\000n\000f\000i\000d\000e\000n\000c\000e\000\040\000t\000h\000r\000e\000s\000h\000o\000l\000d\000s\000:\000\040\000w\000h\000a\000t\000\040\0000\000.\0007\000\040\000a\000n\000d\000\040\0000\000.\0006\000\040\000a\000c\000t\000u\000a\000l\000l\000y\000\040\000c\000o\000n\000t\000r\000o\000l}{chapter.2}% 26
\BOOKMARK [2][-]{subsection.2.4.1}{\376\377\000s\000t\000a\000t\000i\000c\_im\000a\000g\000e\_mo\000d\000e\000\040\000a\000n\000d\000\040\000m\000a\000x\_nu\000m\_ha\000n\000d\000s}{section.2.4}% 27
\BOOKMARK [1][-]{section.2.5}{\376\377\000H\000a\000n\000d\000e\000d\000n\000e\000s\000s\000,\000\040\000a\000n\000d\000\040\000w\000h\000y\000\040\000t\000h\000e\000\040\000l\000a\000b\000e\000l\000\040\000i\000n\000v\000e\000r\000t\000s}{chapter.2}% 28
\BOOKMARK [0][-]{chapter.3}{\376\377\000M\000a\000t\000h\000e\000m\000a\000t\000i\000c\000a\000l\000\040\000a\000n\000d\000\040\000G\000e\000o\000m\000e\000t\000r\000i\000c\000\040\000A\000l\000g\000o\000r\000i\000t\000h\000m\000s}{}% 29
\BOOKMARK [1][-]{section.3.1}{\376\377\000T\000h\000e\000\040\000s\000c\000r\000e\000e\000n\000\040\000c\000o\000o\000r\000d\000i\000n\000a\000t\000e\000\040\000s\000y\000s\000t\000e\000m\000,\000\040\000a\000n\000d\000\040\000t\000h\000e\000\040\000i\000n\000v\000e\000r\000t\000e\000d\000\040\000y\000-\000a\000x\000i\000s}{chapter.3}% 30
\BOOKMARK [2][-]{subsection.3.1.1}{\376\377\000W\000h\000y\000\040\000a\000\040\000f\000i\000n\000g\000e\000r\000t\000i\000p\000\040\000b\000e\000i\000n\000g\000\040\000`\000`\000a\000b\000o\000v\000e\000'\000'\000\040\000i\000t\000s\000\040\000k\000n\000u\000c\000k\000l\000e\000\040\000m\000e\000a\000n\000s\000\040\000a\000\040\000s\000m\000a\000l\000l\000e\000r\000\040\000y}{section.3.1}% 31
\BOOKMARK [1][-]{section.3.2}{\376\377\000T\000h\000e\000\040\000t\000h\000u\000m\000b\000,\000\040\000a\000n\000d\000\040\000t\000h\000e\000\040\000s\000e\000a\000r\000c\000h\000\040\000f\000o\000r\000\040\000i\000n\000v\000a\000r\000i\000a\000n\000c\000e}{chapter.3}% 32
\BOOKMARK [2][-]{subsection.3.2.1}{\376\377\000T\000h\000e\000\040\000o\000b\000v\000i\000o\000u\000s\000\040\000r\000u\000l\000e\000,\000\040\000a\000n\000d\000\040\000e\000x\000a\000c\000t\000l\000y\000\040\000h\000o\000w\000\040\000i\000t\000\040\000b\000r\000e\000a\000k\000s}{section.3.2}% 33
\BOOKMARK [2][-]{subsection.3.2.2}{\376\377\000T\000h\000e\000\040\000d\000i\000s\000t\000a\000n\000c\000e\000\040\000r\000u\000l\000e}{section.3.2}% 34
\BOOKMARK [2][-]{subsection.3.2.3}{\376\377\000T\000h\000e\000\040\000k\000n\000i\000f\000e\000\040\000h\000a\000n\000d\000:\000\040\000w\000h\000e\000n\000\040\000t\000h\000e\000\040\000d\000i\000s\000t\000a\000n\000c\000e\000\040\000r\000u\000l\000e\000\040\000l\000i\000e\000s}{section.3.2}% 35
\BOOKMARK [2][-]{subsection.3.2.4}{\376\377\000K\000e\000e\000p\000i\000n\000g\000\040\000t\000h\000e\000\040\000o\000l\000d\000\040\000r\000u\000l\000e\000\040\000r\000e\000a\000c\000h\000a\000b\000l\000e\000,\000\040\000a\000n\000d\000\040\000w\000h\000a\000t\000\040\000h\000a\000p\000p\000e\000n\000s\000\040\000w\000i\000t\000h\000\040\000n\000o\000\040\000l\000a\000b\000e\000l}{section.3.2}% 36
\BOOKMARK [1][-]{section.3.3}{\376\377\000T\000h\000e\000\040\000p\000a\000l\000m\000\040\000n\000o\000r\000m\000a\000l\000:\000\040\000w\000h\000i\000c\000h\000\040\000s\000i\000d\000e\000\040\000o\000f\000\040\000t\000h\000e\000\040\000h\000a\000n\000d\000\040\000a\000m\000\040\000I\000\040\000s\000e\000e\000i\000n\000g\000?}{chapter.3}% 37
\BOOKMARK [2][-]{subsection.3.3.1}{\376\377\000T\000h\000e\000\040\000s\000i\000g\000n\000\040\000c\000o\000n\000v\000e\000n\000t\000i\000o\000n\000,\000\040\000a\000n\000d\000\040\000h\000o\000w\000\040\000t\000o\000\040\000r\000e\000m\000e\000m\000b\000e\000r\000\040\000i\000t}{section.3.3}% 38
\BOOKMARK [1][-]{section.3.4}{\376\377\000S\000m\000o\000o\000t\000h\000i\000n\000g\000:\000\040\000t\000h\000e\000\040\000e\000x\000p\000o\000n\000e\000n\000t\000i\000a\000l\000\040\000m\000o\000v\000i\000n\000g\000\040\000a\000v\000e\000r\000a\000g\000e}{chapter.3}% 39
\BOOKMARK [1][-]{section.3.5}{\376\377\000G\000e\000s\000t\000u\000r\000e\000s\000\040\000a\000n\000d\000\040\000t\000h\000e\000\040\000d\000e\000b\000o\000u\000n\000c\000e\000r}{chapter.3}% 40
\BOOKMARK [2][-]{subsection.3.5.1}{\376\377\000F\000r\000o\000m\000\040\000f\000i\000v\000e\000\040\000b\000o\000o\000l\000e\000a\000n\000s\000\040\000t\000o\000\040\000a\000\040\000n\000a\000m\000e}{section.3.5}% 41
\BOOKMARK [2][-]{subsection.3.5.2}{\376\377\000W\000h\000y\000\040\000a\000\040\000r\000a\000w\000\040\000p\000e\000r\000-\000f\000r\000a\000m\000e\000\040\000a\000n\000s\000w\000e\000r\000\040\000f\000l\000i\000c\000k\000e\000r\000s}{section.3.5}% 42
\BOOKMARK [1][-]{section.3.6}{\376\377\000T\000h\000e\000\040\000c\000o\000m\000p\000l\000e\000t\000e\000\040\000d\000e\000c\000i\000s\000i\000o\000n\000\040\000p\000a\000t\000h}{chapter.3}% 43
\BOOKMARK [0][-]{chapter.4}{\376\377\000S\000y\000s\000t\000e\000m\000\040\000D\000e\000s\000i\000g\000n\000\040\000a\000n\000d\000\040\000P\000r\000o\000d\000u\000c\000t\000i\000o\000n\000\040\000A\000r\000c\000h\000i\000t\000e\000c\000t\000u\000r\000e}{}% 44
\BOOKMARK [1][-]{section.4.1}{\376\377\000A\000r\000c\000h\000i\000t\000e\000c\000t\000u\000r\000a\000l\000\040\000s\000e\000p\000a\000r\000a\000t\000i\000o\000n}{chapter.4}% 45
\BOOKMARK [2][-]{subsection.4.1.1}{\376\377\000W\000h\000y\000\040\000t\000h\000e\000\040\000s\000p\000l\000i\000t\000\040\000e\000x\000i\000s\000t\000s}{section.4.1}% 46
\BOOKMARK [2][-]{subsection.4.1.2}{\376\377\000W\000h\000a\000t\000\040\000t\000h\000e\000\040\000s\000p\000l\000i\000t\000\040\000b\000u\000y\000s\000,\000\040\000c\000o\000n\000c\000r\000e\000t\000e\000l\000y}{section.4.1}% 47
\BOOKMARK [1][-]{section.4.2}{\376\377\000S\000i\000n\000g\000l\000e\000-\000p\000a\000s\000s\000\040\000t\000e\000l\000e\000m\000e\000t\000r\000y\000\040\000c\000a\000c\000h\000i\000n\000g}{chapter.4}% 48
\BOOKMARK [2][-]{subsection.4.2.1}{\376\377\000T\000h\000e\000\040\000p\000r\000o\000b\000l\000e\000m\000:\000\040\000r\000e\000p\000e\000a\000t\000e\000d\000\040\000w\000o\000r\000k\000\040\000i\000n\000\040\000a\000\040\000h\000o\000t\000\040\000l\000o\000o\000p}{section.4.2}% 49
\BOOKMARK [2][-]{subsection.4.2.2}{\376\377\000T\000h\000e\000\040\000s\000o\000l\000u\000t\000i\000o\000n\000:\000\040\000o\000n\000e\000\040\000p\000a\000r\000s\000e\000,\000\040\000o\000n\000e\000\040\000d\000i\000c\000t\000i\000o\000n\000a\000r\000y\000\040\000p\000e\000r\000\040\000h\000a\000n\000d}{section.4.2}% 50
\BOOKMARK [2][-]{subsection.4.2.3}{\376\377\000I\000n\000v\000a\000l\000i\000d\000\040\000i\000n\000p\000u\000t\000,\000\040\000a\000n\000d\000\040\000t\000h\000e\000\040\000s\000a\000f\000e\000\040\000r\000e\000s\000u\000l\000t}{section.4.2}% 51
\BOOKMARK [1][-]{section.4.3}{\376\377\000C\000a\000m\000e\000r\000a\000\040\000f\000a\000l\000l\000b\000a\000c\000k\000\040\000a\000n\000d\000\040\000h\000a\000r\000d\000w\000a\000r\000e\000\040\000r\000e\000s\000i\000l\000i\000e\000n\000c\000y}{chapter.4}% 52
\BOOKMARK [1][-]{section.4.4}{\376\377\000H\000e\000a\000d\000l\000e\000s\000s\000\040\000m\000o\000d\000e\000:\000\040\000v\000e\000r\000i\000f\000y\000i\000n\000g\000\040\000w\000i\000t\000h\000o\000u\000t\000\040\000a\000\040\000w\000e\000b\000c\000a\000m}{chapter.4}% 53
\BOOKMARK [2][-]{subsection.4.4.1}{\376\377\000C\000o\000n\000t\000i\000n\000u\000o\000u\000s\000\040\000i\000n\000t\000e\000g\000r\000a\000t\000i\000o\000n\000\040\000w\000i\000t\000h\000o\000u\000t\000\040\000a\000\040\000d\000i\000s\000p\000l\000a\000y}{section.4.4}% 54
\BOOKMARK [1][-]{section.4.5}{\376\377\000T\000h\000e\000\040\000a\000l\000p\000h\000a\000-\000b\000l\000e\000n\000d\000e\000d\000\040\000H\000U\000D}{chapter.4}% 55
\BOOKMARK [1][-]{section.4.6}{\376\377\000T\000e\000a\000r\000d\000o\000w\000n\000\040\000a\000n\000d\000\040\000r\000e\000s\000o\000u\000r\000c\000e\000\040\000s\000a\000f\000e\000t\000y}{chapter.4}% 56
\BOOKMARK [1][-]{section.4.7}{\376\377\000T\000h\000e\000\040\000f\000u\000l\000l\000\040\000d\000a\000t\000a\000\040\000f\000l\000o\000w}{chapter.4}% 57
\BOOKMARK [0][-]{chapter.5}{\376\377\000C\000o\000m\000p\000l\000e\000t\000e\000\040\000W\000a\000l\000k\000t\000h\000r\000o\000u\000g\000h\000\040\000o\000f\000\040\000t\000h\000e\000\040\000S\000o\000u\000r\000c\000e\000\040\000C\000o\000d\000e}{}% 58
\BOOKMARK [1][-]{section.5.1}{\376\377\000h\000a\000n\000d\_lo\000g\000i\000c\000.\000p\000y\000\040\040\024\000\040\000t\000h\000e\000\040\000p\000u\000r\000e\000\040\000l\000a\000y\000e\000r}{chapter.5}% 59
\BOOKMARK [2][-]{subsection.5.1.1}{\376\377\000M\000o\000d\000u\000l\000e\000\040\000d\000o\000c\000s\000t\000r\000i\000n\000g\000,\000\040\000i\000m\000p\000o\000r\000t\000s\000\040\000a\000n\000d\000\040\000c\000o\000n\000s\000t\000a\000n\000t\000s}{section.5.1}% 60
\BOOKMARK [2][-]{subsection.5.1.2}{\376\377\000T\000h\000e\000\040\000d\000i\000s\000t\000a\000n\000c\000e\000\040\000h\000e\000l\000p\000e\000r}{section.5.1}% 61
\BOOKMARK [2][-]{subsection.5.1.3}{\376\377\000N\000o\000r\000m\000a\000l\000i\000z\000e\000d\000\040\000t\000o\000\040\000p\000i\000x\000e\000l\000\040\000c\000o\000n\000v\000e\000r\000s\000i\000o\000n\000,\000\040\000a\000n\000d\000\040\000t\000h\000e\000\040\000b\000o\000u\000n\000d\000i\000n\000g\000\040\000b\000o\000x}{section.5.1}% 62
\BOOKMARK [2][-]{subsection.5.1.4}{\376\377\000T\000h\000e\000\040\000p\000a\000l\000m\000\040\000n\000o\000r\000m\000a\000l}{section.5.1}% 63
\BOOKMARK [2][-]{subsection.5.1.5}{\376\377\000R\000e\000a\000d\000i\000n\000g\000\040\000t\000h\000e\000\040\000h\000a\000n\000d\000e\000d\000n\000e\000s\000s\000\040\000l\000a\000b\000e\000l\000\040\000s\000a\000f\000e\000l\000y}{section.5.1}% 64
\BOOKMARK [2][-]{subsection.5.1.6}{\376\377\000P\000a\000r\000s\000i\000n\000g\000\040\000a\000\040\000f\000r\000a\000m\000e\000:\000\040\000t\000h\000e\000\040\000s\000i\000n\000g\000l\000e\000-\000p\000a\000s\000s\000\040\000c\000a\000c\000h\000e}{section.5.1}% 65
\BOOKMARK [2][-]{subsection.5.1.7}{\376\377\000T\000h\000e\000\040\000f\000i\000n\000g\000e\000r\000\040\000r\000u\000l\000e\000s}{section.5.1}% 66
\BOOKMARK [2][-]{subsection.5.1.8}{\376\377\000G\000e\000s\000t\000u\000r\000e\000\040\000c\000l\000a\000s\000s\000i\000f\000i\000c\000a\000t\000i\000o\000n}{section.5.1}% 67
\BOOKMARK [2][-]{subsection.5.1.9}{\376\377\000T\000h\000e\000\040\000d\000e\000b\000o\000u\000n\000c\000e\000r}{section.5.1}% 68
\BOOKMARK [2][-]{subsection.5.1.10}{\376\377\000T\000h\000e\000\040\000e\000x\000p\000o\000n\000e\000n\000t\000i\000a\000l\000\040\000m\000o\000v\000i\000n\000g\000\040\000a\000v\000e\000r\000a\000g\000e}{section.5.1}% 69
\BOOKMARK [1][-]{section.5.2}{\376\377\000h\000a\000n\000d\_tr\000a\000c\000k\000e\000r\000.\000p\000y\000\040\040\024\000\040\000t\000h\000e\000\040\000a\000p\000p\000l\000i\000c\000a\000t\000i\000o\000n}{chapter.5}% 70
\BOOKMARK [2][-]{subsection.5.2.1}{\376\377\000M\000o\000d\000u\000l\000e\000\040\000s\000e\000t\000u\000p\000,\000\040\000t\000h\000e\000\040\000i\000m\000p\000o\000r\000t\000\040\000g\000u\000a\000r\000d\000,\000\040\000a\000n\000d\000\040\000c\000o\000n\000s\000t\000a\000n\000t\000s}{section.5.2}% 71
\BOOKMARK [2][-]{subsection.5.2.2}{\376\377\000H\000a\000n\000d\000T\000r\000a\000c\000k\000e\000r\000:\000\040\000c\000o\000n\000s\000t\000r\000u\000c\000t\000i\000o\000n\000\040\000a\000n\000d\000\040\000t\000h\000e\000\040\000d\000e\000t\000e\000c\000t\000i\000o\000n\000\040\000c\000a\000l\000l}{section.5.2}% 72
\BOOKMARK [2][-]{subsection.5.2.3}{\376\377\000T\000h\000e\000\040\000a\000c\000c\000e\000s\000s\000o\000r\000\040\000m\000e\000t\000h\000o\000d\000s}{section.5.2}% 73
\BOOKMARK [2][-]{subsection.5.2.4}{\376\377\000T\000h\000e\000\040\000s\000m\000o\000o\000t\000h\000e\000d\000\040\000t\000i\000p\000,\000\040\000o\000r\000i\000e\000n\000t\000a\000t\000i\000o\000n\000,\000\040\000a\000n\000d\000\040\000d\000e\000b\000o\000u\000n\000c\000e\000d\000\040\000g\000e\000s\000t\000u\000r\000e}{section.5.2}% 74
\BOOKMARK [2][-]{subsection.5.2.5}{\376\377\000T\000h\000e\000\040\000H\000U\000D\000:\000\040\000t\000e\000x\000t\000\040\000a\000s\000s\000e\000m\000b\000l\000y\000\040\000a\000n\000d\000\040\000d\000r\000a\000w\000i\000n\000g}{section.5.2}% 75
\BOOKMARK [2][-]{subsection.5.2.6}{\376\377\000T\000h\000e\000\040\000p\000e\000r\000-\000f\000r\000a\000m\000e\000\040\000l\000o\000o\000p\000\040\000b\000o\000d\000y}{section.5.2}% 76
\BOOKMARK [2][-]{subsection.5.2.7}{\376\377\000S\000c\000r\000e\000e\000n\000s\000h\000o\000t\000s\000,\000\040\000a\000n\000d\000\040\000t\000h\000e\000\040\000c\000a\000m\000e\000r\000a\000\040\000f\000a\000l\000l\000b\000a\000c\000k\000\040\000c\000h\000a\000i\000n}{section.5.2}% 77
\BOOKMARK [2][-]{subsection.5.2.8}{\376\377\000T\000h\000e\000\040\000l\000i\000v\000e\000\040\000c\000a\000p\000t\000u\000r\000e\000\040\000l\000o\000o\000p}{section.5.2}% 78
\BOOKMARK [2][-]{subsection.5.2.9}{\376\377\000H\000e\000a\000d\000l\000e\000s\000s\000\040\000i\000m\000a\000g\000e\000\040\000m\000o\000d\000e}{section.5.2}% 79
\BOOKMARK [2][-]{subsection.5.2.10}{\376\377\000T\000h\000e\000\040\000c\000o\000m\000m\000a\000n\000d\000-\000l\000i\000n\000e\000\040\000i\000n\000t\000e\000r\000f\000a\000c\000e\000\040\000a\000n\000d\000\040\000e\000n\000t\000r\000y\000\040\000p\000o\000i\000n\000t}{section.5.2}% 80
\BOOKMARK [1][-]{section.5.3}{\376\377\000t\000e\000s\000t\000s\000/\000t\000e\000s\000t\_ha\000n\000d\_lo\000g\000i\000c\000.\000p\000y\000\040\040\024\000\040\000t\000h\000e\000\040\000o\000f\000f\000l\000i\000n\000e\000\040\000t\000e\000s\000t\000\040\000s\000u\000i\000t\000e}{chapter.5}% 81
\BOOKMARK [2][-]{subsection.5.3.1}{\376\377\000T\000h\000e\000\040\000s\000y\000n\000t\000h\000e\000t\000i\000c\000\040\000h\000a\000n\000d\000s}{section.5.3}% 82
\BOOKMARK [2][-]{subsection.5.3.2}{\376\377\000T\000h\000e\000\040\000r\000o\000t\000a\000t\000i\000o\000n\000-\000i\000n\000v\000a\000r\000i\000a\000n\000c\000e\000\040\000t\000e\000s\000t\000\040\040\024\000\040\000t\000h\000e\000\040\000p\000r\000o\000j\000e\000c\000t\000'\000s\000\040\000k\000e\000y\000\040\000r\000e\000g\000r\000e\000s\000s\000i\000o\000n}{section.5.3}% 83
\BOOKMARK [2][-]{subsection.5.3.3}{\376\377\000T\000h\000e\000\040\000s\000a\000f\000e\000-\000r\000e\000s\000u\000l\000t\000\040\000c\000o\000n\000t\000r\000a\000c\000t}{section.5.3}% 84
\BOOKMARK [2][-]{subsection.5.3.4}{\376\377\000T\000h\000e\000\040\000f\000a\000k\000e\000\040\000M\000e\000d\000i\000a\000P\000i\000p\000e\000\040\000r\000e\000s\000u\000l\000t\000s}{section.5.3}% 85
\BOOKMARK [2][-]{subsection.5.3.5}{\376\377\000P\000a\000r\000s\000e\000\040\000t\000e\000s\000t\000s}{section.5.3}% 86
\BOOKMARK [0][-]{appendix.A}{\376\377\000C\000o\000m\000p\000l\000e\000t\000e\000\040\000S\000o\000u\000r\000c\000e\000\040\000L\000i\000s\000t\000i\000n\000g\000s}{}% 87
\BOOKMARK [1][-]{section.A.1}{\376\377\000h\000a\000n\000d\_lo\000g\000i\000c\000.\000p\000y}{appendix.A}% 88
\BOOKMARK [1][-]{section.A.2}{\376\377\000h\000a\000n\000d\_tr\000a\000c\000k\000e\000r\000.\000p\000y}{appendix.A}% 89
\BOOKMARK [1][-]{section.A.3}{\376\377\000t\000e\000s\000t\000s\000/\000t\000e\000s\000t\_ha\000n\000d\_lo\000g\000i\000c\000.\000p\000y}{appendix.A}% 90
\BOOKMARK [0][-]{appendix.B}{\376\377\000V\000e\000r\000i\000f\000i\000c\000a\000t\000i\000o\000n\000\040\000C\000h\000e\000c\000k\000l\000i\000s\000t\000\040\000a\000n\000d\000\040\000T\000r\000o\000u\000b\000l\000e\000s\000h\000o\000o\000t\000i\000n\000g}{}% 91
\BOOKMARK [1][-]{section.B.1}{\376\377\000S\000e\000t\000u\000p\000\040\000a\000n\000d\000\040\000f\000i\000r\000s\000t\000\040\000r\000u\000n}{appendix.B}% 92
\BOOKMARK [1][-]{section.B.2}{\376\377\000L\000i\000v\000e\000-\000m\000o\000d\000e\000\040\000a\000c\000c\000e\000p\000t\000a\000n\000c\000e\000\040\000t\000e\000s\000t\000s}{appendix.B}% 93
\BOOKMARK [1][-]{section.B.3}{\376\377\000T\000r\000o\000u\000b\000l\000e\000s\000h\000o\000o\000t\000i\000n\000g}{appendix.B}% 94
\BOOKMARK [0][-]{appendix.C}{\376\377\000G\000l\000o\000s\000s\000a\000r\000y\000\040\000a\000n\000d\000\040\000Q\000u\000i\000c\000k\000\040\000R\000e\000f\000e\000r\000e\000n\000c\000e}{}% 95
\BOOKMARK [1][-]{section.C.1}{\376\377\000G\000l\000o\000s\000s\000a\000r\000y}{appendix.C}% 96
\BOOKMARK [1][-]{section.C.2}{\376\377\000C\000o\000n\000s\000t\000a\000n\000t\000s\000\040\000a\000n\000d\000\040\000d\000e\000f\000a\000u\000l\000t\000s}{appendix.C}% 97
\BOOKMARK [1][-]{section.C.3}{\376\377\000D\000e\000p\000e\000n\000d\000e\000n\000c\000y\000\040\000r\000e\000f\000e\000r\000e\000n\000c\000e}{appendix.C}% 98
\BOOKMARK [1][-]{section.C.4}{\376\377\000F\000i\000l\000e\000s\000\040\000i\000n\000\040\000t\000h\000e\000\040\000p\000r\000o\000j\000e\000c\000t}{appendix.C}% 99
